# ---------- NowTV ----------
connect.ctn.ovpe.prod.ott.sky            31.57.56.226:443;
a1tuir9nhggark-ats.iot.eu-central-1.amazonaws.com           31.57.56.226:443;
ovp.nowtv.com           31.57.56.226:443;
ovp.nowtv.com.edgesuite.net            31.57.56.226:443;
a406.dsct.akamai.net            31.57.56.226:443;
g004-lin-ie-cmaf-prd-ak.pcdn05.cssott02.com            31.57.56.226:443;
g004-lin-ie-cmaf-prd-ak-pcdn05-cssott02-com.akamaized.net            31.57.56.226:443;
a756.dscw60.akamai.net            31.57.56.226:443;
g004-vod-ie-cmaf-prd-ak.pcdn05.cssott02.com            31.57.56.226:443;
g004-vod-ie-cmaf-prd-ak-pcdn05-cssott02-com.akamaized.net            31.57.56.226:443;
a606.dscw61.akamai.net            31.57.56.226:443;
g004-lin-ie-cmaf-prd-cf.pcdn05.cssott02.com            31.57.56.226:443;
deia4xql9svfx.cloudfront.net            31.57.56.226:443;
g004-vod-ie-cmaf-prd-cf.pcdn05.cssott02.com            31.57.56.226:443;
d2e86ntxh4w751.cloudfront.net            31.57.56.226:443;
eu.api.atom.nowtv.com            31.57.56.226:443;
# ---------- Peacock ----------
